
> my-v0-project@0.1.0 dev
> next dev

  ▲ Next.js 14.2.16
  - Local:        http://localhost:3000

 ✓ Starting...
 ✓ Ready in 2.1s
 ○ Compiling /page-builder ...
 ✓ Compiled /page-builder in 19.5s (2925 modules)
 GET /page-builder 200 in 21081ms
 ✓ Compiled in 5.4s (1453 modules)
 ✓ Compiled in 669ms (1453 modules)
 GET /page-builder 200 in 133ms
 POST /page-builder 200 in 47ms
 POST /page-builder 200 in 21ms
 ✓ Compiled in 550ms (1453 modules)
 ✓ Compiled in 390ms (1453 modules)
 ✓ Compiled in 429ms (1453 modules)
 GET /page-builder 200 in 114ms
 POST /page-builder 200 in 40ms
 POST /page-builder 200 in 26ms
 ✓ Compiled in 581ms (1453 modules)
